<html>
<body>
<pre>
<h1>µVision Build Log</h1>
<h2>Tool Versions:</h2>
IDE-Version: µVision V5.18.0.0
Copyright (C) 2016 ARM Ltd and ARM Germany GmbH. All rights reserved.
License Information: Yiran Tian, Maddog, LIC=W96AR-KFFT2-BW12G-VNBFL-KPD1A-C1ZD1
 
Tool Versions:
Toolchain:       MDK-ARM Professional  Version: 5.18
Toolchain Path:  C:\Keil_v5\ARM\ARMCC\Bin
C Compiler:      Armcc.exe V5.06 update 1 (build 61)
Assembler:       Armasm.exe V5.06 update 1 (build 61)
Linker/Locator:  ArmLink.exe V5.06 update 1 (build 61)
Library Manager: ArmAr.exe V5.06 update 1 (build 61)
Hex Converter:   FromElf.exe V5.06 update 1 (build 61)
CPU DLL:         SARMCM3.DLL V5.18
Dialog DLL:      DARMCM1.DLL V1.12.0.0
Target DLL:      Segger\JL2CM3.dll V2.99.18.0
Dialog DLL:      TARMCM1.DLL V1.9.0.0
 
<h2>Project:</h2>
D:\Flir Camera\CubeMX\cubeMXLCD\MDK-ARM\cubeMXLCD.uvprojx
Project File Date:  05/19/2016

<h2>Output:</h2>
*** Using Compiler 'V5.06 update 1 (build 61)', folder: 'C:\Keil_v5\ARM\ARMCC\Bin'
Rebuild target 'cubeMXLCD'
compiling stm32l0xx_hal.c...
compiling stm32l0xx_hal_cortex.c...
compiling stm32l0xx_hal_gpio.c...
compiling stm32l0xx_hal_flash.c...
compiling stm32l0xx_hal_lptim.c...
compiling stm32l0xx_hal_dma.c...
compiling stm32l0xx_hal_spi.c...
compiling stm32l0xx_hal_tim_ex.c...
compiling stm32l0xx_hal_iwdg.c...
compiling stm32l0xx_hal_pwr.c...
compiling stm32l0xx_hal_i2c_ex.c...
compiling stm32l0xx_hal_flash_ex.c...
compiling stm32l0xx_hal_flash_ramfunc.c...
compiling stm32l0xx_hal_pwr_ex.c...
compiling stm32l0xx_hal_tim.c...
compiling stm32l0xx_hal_msp.c...
compiling stm32l0xx_hal_rcc_ex.c...
assembling startup_stm32l051xx.s...
compiling stm32l0xx_hal_rcc.c...
compiling main.c...
compiling stm32l0xx_it.c...
compiling stm32l0xx_hal_i2c.c...
compiling system_stm32l0xx.c...
compiling lcd.c...
linking...
Program Size: Code=6364 RO-data=268 RW-data=16 ZI-data=3344  
"cubeMXLCD\cubeMXLCD.axf" - 0 Error(s), 0 Warning(s).

<h2>Software Packages used:</h2>

Package Vendor: ARM
                http://www.keil.com/pack/ARM.CMSIS.4.5.0.pack
                ARM::CMSIS:CORE:4.3.0
                CMSIS (Cortex Microcontroller Software Interface Standard)
   * Component: CORE Version: 4.3.0

<h2>Collection of Component include folders:</h2>
  D:\Flir Camera\CubeMX\cubeMXLCD\MDK-ARM\RTE
  C:\Keil_v5\ARM\PACK\ARM\CMSIS\4.5.0\CMSIS\Include
  C:\Keil_v5\ARM\PACK\Keil\STM32L0xx_DFP\1.5.0\Device\Include

<h2>Collection of Component Files used:</h2>

   * Component: ARM::CMSIS:CORE:4.3.0
Build Time Elapsed:  00:00:03
</pre>
</body>
</html>
